// Jest Snapshot v1, https://goo.gl/fbAQLP

exports[`HexagramListContainer test HexagramListContainer snapshot 1`] = `
<div>
  <LoadingAnimation />
  <table>
    <thead
      className="tableHead"
    >
      <tr>
        <th>
          Number
        </th>
        <th>
          Image
        </th>
        <th
          className="rcName"
        >
          <span>
            Resonance Code Name
          </span>
        </th>
        <th
          className="whhName"
        >
          <span>
            Wilhelm/Huang/Hintley Name
          </span>
        </th>
      </tr>
    </thead>
    <tbody>
      <tr
        className="tableRow"
      >
        <td
          className="text-center"
        >
          #
          1
        </td>
        <td>
          <HexagramImage
            imageNumber="img_arr"
            isBlack={true}
            isFirstImage={true}
          />
        </td>
        <td
          className="pr-4"
        >
          resonance_code_name
        </td>
        <td>
          wilhelm_huang_hintley_name
        </td>
      </tr>
    </tbody>
  </table>
</div>
`;
