// Jest Snapshot v1, https://goo.gl/fbAQLP

exports[`ShowJournalContainer test ShowJournalContainer snapshot 1`] = `
<div>
  <AddJournalContainer
    history={
      Object {
        "push": [MockFunction] {
          "calls": Array [
            Array [
              "/reading",
            ],
          ],
        },
      }
    }
    journal={
      Object {
        "_id": "id",
      }
    }
  />
</div>
`;
