// Jest Snapshot v1, https://goo.gl/fbAQLP

exports[`Bigram test Bigram snapshot 1`] = `
<div
  className="text-center"
>
  <img
    alt="Bigram background"
    className="bigramImg"
    src={
      Object {
        "process": [Function],
      }
    }
  />
  <BigramCircle
    circlePosition="leftMiddle"
    linePoint={1}
  />
  <BigramCircle
    circlePosition="rightMiddle"
    linePoint={2}
  />
  <div
    className="titleTopLeft d-flex align-items-center"
  >
    Line 5:   
    <BigramLine
      isBroken={false}
    />
      
    Taking Priority
  </div>
  <div
    className="titleTopRight d-flex align-items-center"
  >
    Line 2:  
    <BigramLine
      isBroken={false}
    />
      
    Taking Priority
  </div>
</div>
`;
