// Jest Snapshot v1, https://goo.gl/fbAQLP

exports[`DetailedReading test DetailedReading no BigramExample snapshot 1`] = `
<div
  className="mt-3"
>
  <div
    className="detailButton"
    id="img_arr"
    onClick={[MockFunction]}
    role="button"
    tabIndex="-1"
  >
    <i
      className="fas fa-book mr-2"
    />
    Show Detailed Hexagram
  </div>
  <div
    className="d-flex"
    onClick={[Function]}
    role="button"
    tabIndex="-2"
    title="Click to check the explaination"
  >
    <Bigram
      isSimple={true}
      line13={undefined}
      line25={undefined}
      line46={undefined}
    />
  </div>
  <div
    className="mt-2 font-weight-bold"
  >
    Overview:
  </div>
  <div
    className="preLineWhiteSpace"
  >
    overview
  </div>
  <div
    className="mt-2 font-weight-bold"
  >
    Analysis:
  </div>
  <div
    className="preLineWhiteSpace"
  >
    analysis
  </div>
  <div
    className="mt-2 font-weight-bold"
  >
    Question:
  </div>
  <div
    className="preLineWhiteSpace"
  >
    question
  </div>
</div>
`;
